// Jest Snapshot v1, https://goo.gl/fbAQLP

exports[`<Button /> should render the medium size by default 1`] = `
.c0 {
  display: -webkit-inline-box;
  display: -webkit-inline-flex;
  display: -ms-inline-flexbox;
  display: inline-flex;
  -webkit-align-items: center;
  -webkit-box-align: center;
  -ms-flex-align: center;
  align-items: center;
  -webkit-box-pack: center;
  -webkit-justify-content: center;
  -ms-flex-pack: center;
  justify-content: center;
  border: 0;
  cursor: pointer;
  text-transform: uppercase;
  border-radius: 0.5rem;
  padding: 0.8rem;
  -webkit-text-decoration: none;
  text-decoration: none;
  color: #193241;
  font-weight: 900;
  font-family: Poppins,-apple-system,BlinkMacSystemFont,'Segoe UI',Roboto,Oxygen,Ubuntu,Cantarell,'Open Sans','Helvetica Neue',sans-serif;
  height: 4rem;
  font-size: 1.4rem;
  padding: 0.8rem 3.2rem;
  background: #0ADC7D;
  color: #193241;
}

.c0:hover {
  background: linear-gradient( 180deg,#0ADC7D 0%,#00823c 100% );
}

<button
  class="c0"
>
  <span>
    Buscar
  </span>
</button>
`;
